
> frontend@0.0.0 test
> vitest run ; Get-Content test_output.txt


[1m[30m[46m RUN [49m[39m[22m [36mv4.1.11 [39m[90mc:/otus/project_work/frontend[39m

[31mNo test files found, exiting with code 1
[39m
[2mfilter: [22m[33m;[2m, [22mGet-Content[2m, [22mtest_output.txt[39m
[2minclude: [22m[33m**/*.{test,spec}.?(c|m)[jt]s?(x)[39m
[2mexclude:  [22m[33mnode_modules/**[2m, [22mdist/**[2m, [22me2e/**[39m

